---
source: tests/parser.rs
---
ParserReturn {
    program: Program {
        span: Span {
            start: 0,
            end: 76,
        },
        source: "v.cow.location.x = 204.31; v.cow.location.y = 87; v.cow.location.z = 48.933;",
        is_complex: true,
        body: [
            Assignment(
                AssignmentStatement {
                    span: Span {
                        start: 0,
                        end: 25,
                    },
                    left: VariableExpression {
                        span: Span {
                            start: 0,
                            end: 16,
                        },
                        lifetime: Variable,
                        member: Object {
                            span: Span {
                                start: 0,
                                end: 16,
                            },
                            object: Object {
                                span: Span {
                                    start: 0,
                                    end: 14,
                                },
                                object: Property {
                                    span: Span {
                                        start: 0,
                                        end: 5,
                                    },
                                    property: IdentifierReference {
                                        span: Span {
                                            start: 2,
                                            end: 5,
                                        },
                                        name: "cow",
                                    },
                                },
                                property: IdentifierReference {
                                    span: Span {
                                        start: 6,
                                        end: 14,
                                    },
                                    name: "location",
                                },
                            },
                            property: IdentifierReference {
                                span: Span {
                                    start: 15,
                                    end: 16,
                                },
                                name: "x",
                            },
                        },
                    },
                    operator: Assign,
                    right: NumericLiteral(
                        NumericLiteral {
                            span: Span {
                                start: 19,
                                end: 25,
                            },
                            value: 204.31,
                            raw: "204.31",
                        },
                    ),
                },
            ),
            Assignment(
                AssignmentStatement {
                    span: Span {
                        start: 27,
                        end: 48,
                    },
                    left: VariableExpression {
                        span: Span {
                            start: 27,
                            end: 43,
                        },
                        lifetime: Variable,
                        member: Object {
                            span: Span {
                                start: 27,
                                end: 43,
                            },
                            object: Object {
                                span: Span {
                                    start: 27,
                                    end: 41,
                                },
                                object: Property {
                                    span: Span {
                                        start: 27,
                                        end: 32,
                                    },
                                    property: IdentifierReference {
                                        span: Span {
                                            start: 29,
                                            end: 32,
                                        },
                                        name: "cow",
                                    },
                                },
                                property: IdentifierReference {
                                    span: Span {
                                        start: 33,
                                        end: 41,
                                    },
                                    name: "location",
                                },
                            },
                            property: IdentifierReference {
                                span: Span {
                                    start: 42,
                                    end: 43,
                                },
                                name: "y",
                            },
                        },
                    },
                    operator: Assign,
                    right: NumericLiteral(
                        NumericLiteral {
                            span: Span {
                                start: 46,
                                end: 48,
                            },
                            value: 87.0,
                            raw: "87",
                        },
                    ),
                },
            ),
            Assignment(
                AssignmentStatement {
                    span: Span {
                        start: 50,
                        end: 75,
                    },
                    left: VariableExpression {
                        span: Span {
                            start: 50,
                            end: 66,
                        },
                        lifetime: Variable,
                        member: Object {
                            span: Span {
                                start: 50,
                                end: 66,
                            },
                            object: Object {
                                span: Span {
                                    start: 50,
                                    end: 64,
                                },
                                object: Property {
                                    span: Span {
                                        start: 50,
                                        end: 55,
                                    },
                                    property: IdentifierReference {
                                        span: Span {
                                            start: 52,
                                            end: 55,
                                        },
                                        name: "cow",
                                    },
                                },
                                property: IdentifierReference {
                                    span: Span {
                                        start: 56,
                                        end: 64,
                                    },
                                    name: "location",
                                },
                            },
                            property: IdentifierReference {
                                span: Span {
                                    start: 65,
                                    end: 66,
                                },
                                name: "z",
                            },
                        },
                    },
                    operator: Assign,
                    right: NumericLiteral(
                        NumericLiteral {
                            span: Span {
                                start: 69,
                                end: 75,
                            },
                            value: 48.933,
                            raw: "48.933",
                        },
                    ),
                },
            ),
        ],
    },
    errors: [],
    panicked: false,
}
